---
source: tests/utils.rs
expression: file_content
---
use upgradee::Enum;

type E = Enum;

fn main() {
    let a = Enum::Pineapple;
    s(&a);

    let b = E::Pineapple;
    t(&b);

    if let Enum::Pineapple = b {}

    let mut e = Enum::Berry(8);

    if let Enum::Berry(g) = e.clone() {}
    if let Enum::Berry(ref mut g) = e {}

    let mut f = Enum::Papaya { size: 10 };

    if let Enum::Papaya { size } = e.clone() {}
}

fn s(v: &Enum) -> Option<bool> {
    use Enum::*;

    match v {
        Orange => Some(true),
        Grape(_) => Some(false),
        Melon { .. } => Some(false),
        _ => None,
    }
}

fn t(v: &Enum) -> Option<bool> {
    use Enum::*;

    if let Orange = v {
        Some(true)
    } else if let Grape(g) = v {
        Some(false)
    } else if let Melon { size } = v {
        Some(false)
    } else {
        None
    }
}

